#-----------------------------------------------------------
# Vivado v2024.1.2 (64-bit)
# SW Build 5164865 on Thu Sep  5 14:37:11 MDT 2024
# IP Build 5164407 on Fri Sep  6 08:18:11 MDT 2024
# SharedData Build 5164864 on Thu Sep 05 13:09:09 MDT 2024
# Start of session at: Fri Jan 17 01:33:18 2025
# Process ID: 22864
# Current directory: C:/Users/Samuel/risc_arty/risc_arty.runs/imem_bram_synth_1
# Command line: vivado.exe -log imem_bram.vds -product Vivado -mode batch -messageDb vivado.pb -notrace -source imem_bram.tcl
# Log file: C:/Users/Samuel/risc_arty/risc_arty.runs/imem_bram_synth_1/imem_bram.vds
# Journal file: C:/Users/Samuel/risc_arty/risc_arty.runs/imem_bram_synth_1\vivado.jou
# Running On        :DESKTOP-OGK78OO
# Platform          :Windows Server 2016 or Windows 10
# Operating System  :19045
# Processor Detail  :AMD Ryzen 9 5900X 12-Core Processor            
# CPU Frequency     :3700 MHz
# CPU Physical cores:12
# CPU Logical cores :24
# Host memory       :68635 MB
# Swap memory       :4294 MB
# Total Virtual     :72930 MB
# Available Virtual :48602 MB
#-----------------------------------------------------------
source imem_bram.tcl -notrace
