#-----------------------------------------------------------
# Vivado v2024.1.2 (64-bit)
# SW Build 5164865 on Thu Sep  5 14:37:11 MDT 2024
# IP Build 5164407 on Fri Sep  6 08:18:11 MDT 2024
# SharedData Build 5164864 on Thu Sep 05 13:09:09 MDT 2024
# Start of session at: Wed Jan 15 14:10:11 2025
# Process ID: 28132
# Current directory: C:/Users/Samuel/risc_artydebug
# Command line: vivado.exe -gui_launcher_event rodinguilauncherevent17280 C:\Users\Samuel\risc_artydebug\risc_arty.xpr
# Log file: C:/Users/Samuel/risc_artydebug/vivado.log
# Journal file: C:/Users/Samuel/risc_artydebug\vivado.jou
# Running On        :DESKTOP-OGK78OO
# Platform          :Windows Server 2016 or Windows 10
# Operating System  :19045
# Processor Detail  :AMD Ryzen 9 5900X 12-Core Processor            
# CPU Frequency     :3700 MHz
# CPU Physical cores:12
# CPU Logical cores :24
# Host memory       :68635 MB
# Swap memory       :4294 MB
# Total Virtual     :72930 MB
# Available Virtual :53304 MB
#-----------------------------------------------------------
start_gui
open_project C:/Users/Samuel/risc_artydebug/risc_arty.xpr
launch_runs impl_1 -to_step write_bitstream -jobs 12
wait_on_run impl_1
open_hw_manager
connect_hw_server -allow_non_jtag
open_hw_target
set_property PROGRAM.FILE {C:/Users/Samuel/risc_artydebug/risc_arty.runs/impl_1/top.bit} [get_hw_devices xc7s25_0]
current_hw_device [get_hw_devices xc7s25_0]
refresh_hw_device -update_hw_probes false [lindex [get_hw_devices xc7s25_0] 0]
set_property PROBES.FILE {} [get_hw_devices xc7s25_0]
set_property FULL_PROBES.FILE {} [get_hw_devices xc7s25_0]
set_property PROGRAM.FILE {C:/Users/Samuel/risc_artydebug/risc_arty.runs/impl_1/top.bit} [get_hw_devices xc7s25_0]
program_hw_devices [get_hw_devices xc7s25_0]
refresh_hw_device [lindex [get_hw_devices xc7s25_0] 0]
close_hw_manager
open_run impl_1
close_design
open_hw_manager
connect_hw_server -allow_non_jtag
open_hw_target
set_property PROGRAM.FILE {C:/Users/Samuel/risc_artydebug/risc_arty.runs/impl_1/top.bit} [get_hw_devices xc7s25_0]
current_hw_device [get_hw_devices xc7s25_0]
refresh_hw_device -update_hw_probes false [lindex [get_hw_devices xc7s25_0] 0]
create_hw_cfgmem -hw_device [lindex [get_hw_devices xc7s25_0] 0] [lindex [get_cfgmem_parts {mt25ql128-spi-x1_x2_x4}] 0]
set_property PROGRAM.BLANK_CHECK  0 [ get_property PROGRAM.HW_CFGMEM [lindex [get_hw_devices xc7s25_0] 0]]
set_property PROGRAM.ERASE  1 [ get_property PROGRAM.HW_CFGMEM [lindex [get_hw_devices xc7s25_0] 0]]
set_property PROGRAM.CFG_PROGRAM  1 [ get_property PROGRAM.HW_CFGMEM [lindex [get_hw_devices xc7s25_0] 0]]
set_property PROGRAM.VERIFY  1 [ get_property PROGRAM.HW_CFGMEM [lindex [get_hw_devices xc7s25_0] 0]]
set_property PROGRAM.CHECKSUM  0 [ get_property PROGRAM.HW_CFGMEM [lindex [get_hw_devices xc7s25_0] 0]]
refresh_hw_device [lindex [get_hw_devices xc7s25_0] 0]
reset_run impl_1 -prev_step 
launch_runs impl_1 -to_step write_bitstream -jobs 12
wait_on_run impl_1
refresh_hw_device [lindex [get_hw_devices xc7s25_0] 0]
set_property PROBES.FILE {} [get_hw_devices xc7s25_0]
set_property FULL_PROBES.FILE {} [get_hw_devices xc7s25_0]
set_property PROGRAM.FILE {C:/Users/Samuel/risc_artydebug/risc_arty.runs/impl_1/top.bit} [get_hw_devices xc7s25_0]
program_hw_devices [get_hw_devices xc7s25_0]
refresh_hw_device [lindex [get_hw_devices xc7s25_0] 0]
set_property PROGRAM.ADDRESS_RANGE  {use_file} [ get_property PROGRAM.HW_CFGMEM [lindex [get_hw_devices xc7s25_0] 0]]
set_property PROGRAM.UNUSED_PIN_TERMINATION {pull-none} [ get_property PROGRAM.HW_CFGMEM [lindex [get_hw_devices xc7s25_0] 0]]
set_property PROGRAM.BLANK_CHECK  0 [ get_property PROGRAM.HW_CFGMEM [lindex [get_hw_devices xc7s25_0] 0]]
set_property PROGRAM.ERASE  1 [ get_property PROGRAM.HW_CFGMEM [lindex [get_hw_devices xc7s25_0] 0]]
set_property PROGRAM.CFG_PROGRAM  1 [ get_property PROGRAM.HW_CFGMEM [lindex [get_hw_devices xc7s25_0] 0]]
set_property PROGRAM.VERIFY  1 [ get_property PROGRAM.HW_CFGMEM [lindex [get_hw_devices xc7s25_0] 0]]
set_property PROGRAM.CHECKSUM  0 [ get_property PROGRAM.HW_CFGMEM [lindex [get_hw_devices xc7s25_0] 0]]
refresh_hw_device [lindex [get_hw_devices xc7s25_0] 0]
boot_hw_device  [lindex [get_hw_devices xc7s25_0] 0]
refresh_hw_device [lindex [get_hw_devices xc7s25_0] 0]
refresh_hw_device [lindex [get_hw_devices xc7s25_0] 0]
set_property PROBES.FILE {} [get_hw_devices xc7s25_0]
set_property FULL_PROBES.FILE {} [get_hw_devices xc7s25_0]
set_property PROGRAM.FILE {C:/Users/Samuel/risc_artydebug/risc_arty.runs/impl_1/top.bit} [get_hw_devices xc7s25_0]
program_hw_devices [get_hw_devices xc7s25_0]
refresh_hw_device [lindex [get_hw_devices xc7s25_0] 0]
refresh_hw_device [lindex [get_hw_devices xc7s25_0] 0]
set_property PROBES.FILE {} [get_hw_devices xc7s25_0]
set_property FULL_PROBES.FILE {} [get_hw_devices xc7s25_0]
set_property PROGRAM.FILE {C:/Users/Samuel/risc_artydebug/risc_arty.runs/impl_1/top.bit} [get_hw_devices xc7s25_0]
program_hw_devices [get_hw_devices xc7s25_0]
refresh_hw_device [lindex [get_hw_devices xc7s25_0] 0]
set_property PROBES.FILE {} [get_hw_devices xc7s25_0]
set_property FULL_PROBES.FILE {} [get_hw_devices xc7s25_0]
set_property PROGRAM.FILE {C:/Users/Samuel/risc_artydebug/risc_arty.runs/impl_1/top.bit} [get_hw_devices xc7s25_0]
program_hw_devices [get_hw_devices xc7s25_0]
refresh_hw_device [lindex [get_hw_devices xc7s25_0] 0]
set_property PROBES.FILE {} [get_hw_devices xc7s25_0]
set_property FULL_PROBES.FILE {} [get_hw_devices xc7s25_0]
set_property PROGRAM.FILE {C:/Users/Samuel/risc_artydebug/risc_arty.runs/impl_1/top.bit} [get_hw_devices xc7s25_0]
program_hw_devices [get_hw_devices xc7s25_0]
refresh_hw_device [lindex [get_hw_devices xc7s25_0] 0]
delete_hw_cfgmem [ get_property PROGRAM.HW_CFGMEM [get_hw_devices xc7s25_0 ]]
set_property PROBES.FILE {} [get_hw_devices xc7s25_0]
set_property FULL_PROBES.FILE {} [get_hw_devices xc7s25_0]
set_property PROGRAM.FILE {C:/Users/Samuel/risc_artydebug/risc_arty.runs/impl_1/top.bit} [get_hw_devices xc7s25_0]
program_hw_devices [get_hw_devices xc7s25_0]
refresh_hw_device [lindex [get_hw_devices xc7s25_0] 0]
refresh_hw_device [lindex [get_hw_devices xc7s25_0] 0]
reset_run impl_1 -prev_step 
launch_runs impl_1 -to_step write_bitstream -jobs 12
wait_on_run impl_1
set_property PROBES.FILE {} [get_hw_devices xc7s25_0]
set_property FULL_PROBES.FILE {} [get_hw_devices xc7s25_0]
set_property PROGRAM.FILE {C:/Users/Samuel/risc_artydebug/risc_arty.runs/impl_1/top.bit} [get_hw_devices xc7s25_0]
program_hw_devices [get_hw_devices xc7s25_0]
refresh_hw_device [lindex [get_hw_devices xc7s25_0] 0]
synth_design -top top -part xc7s25csga324-1 -lint 
close_hw_manager
reset_run synth_1
launch_runs synth_1 -jobs 12
wait_on_run synth_1
launch_runs impl_1 -jobs 12
wait_on_run impl_1
launch_runs impl_1 -to_step write_bitstream -jobs 12
wait_on_run impl_1
open_hw_manager
connect_hw_server -allow_non_jtag
open_hw_target
set_property PROGRAM.FILE {C:/Users/Samuel/risc_artydebug/risc_arty.runs/impl_1/top.bit} [get_hw_devices xc7s25_0]
current_hw_device [get_hw_devices xc7s25_0]
refresh_hw_device -update_hw_probes false [lindex [get_hw_devices xc7s25_0] 0]
set_property PROBES.FILE {} [get_hw_devices xc7s25_0]
set_property FULL_PROBES.FILE {} [get_hw_devices xc7s25_0]
set_property PROGRAM.FILE {C:/Users/Samuel/risc_artydebug/risc_arty.runs/impl_1/top.bit} [get_hw_devices xc7s25_0]
program_hw_devices [get_hw_devices xc7s25_0]
refresh_hw_device [lindex [get_hw_devices xc7s25_0] 0]
close_hw_manager
reset_run synth_1
launch_runs impl_1 -to_step write_bitstream -jobs 12
wait_on_run impl_1
open_hw_manager
connect_hw_server -allow_non_jtag
open_hw_target
set_property PROGRAM.FILE {C:/Users/Samuel/risc_artydebug/risc_arty.runs/impl_1/top.bit} [get_hw_devices xc7s25_0]
current_hw_device [get_hw_devices xc7s25_0]
refresh_hw_device -update_hw_probes false [lindex [get_hw_devices xc7s25_0] 0]
set_property PROBES.FILE {} [get_hw_devices xc7s25_0]
set_property FULL_PROBES.FILE {} [get_hw_devices xc7s25_0]
set_property PROGRAM.FILE {C:/Users/Samuel/risc_artydebug/risc_arty.runs/impl_1/top.bit} [get_hw_devices xc7s25_0]
program_hw_devices [get_hw_devices xc7s25_0]
refresh_hw_device [lindex [get_hw_devices xc7s25_0] 0]
close_hw_manager
reset_run synth_1
launch_runs impl_1 -to_step write_bitstream -jobs 12
wait_on_run impl_1
open_hw_manager
connect_hw_server -allow_non_jtag
open_hw_target
set_property PROGRAM.FILE {C:/Users/Samuel/risc_artydebug/risc_arty.runs/impl_1/top.bit} [get_hw_devices xc7s25_0]
current_hw_device [get_hw_devices xc7s25_0]
refresh_hw_device -update_hw_probes false [lindex [get_hw_devices xc7s25_0] 0]
set_property PROBES.FILE {} [get_hw_devices xc7s25_0]
set_property FULL_PROBES.FILE {} [get_hw_devices xc7s25_0]
set_property PROGRAM.FILE {C:/Users/Samuel/risc_artydebug/risc_arty.runs/impl_1/top.bit} [get_hw_devices xc7s25_0]
program_hw_devices [get_hw_devices xc7s25_0]
refresh_hw_device [lindex [get_hw_devices xc7s25_0] 0]
close_hw_manager
reset_run synth_1
launch_runs impl_1 -to_step write_bitstream -jobs 12
wait_on_run impl_1
open_hw_manager
connect_hw_server -allow_non_jtag
open_hw_target
set_property PROGRAM.FILE {C:/Users/Samuel/risc_artydebug/risc_arty.runs/impl_1/top.bit} [get_hw_devices xc7s25_0]
current_hw_device [get_hw_devices xc7s25_0]
refresh_hw_device -update_hw_probes false [lindex [get_hw_devices xc7s25_0] 0]
set_property PROBES.FILE {} [get_hw_devices xc7s25_0]
set_property FULL_PROBES.FILE {} [get_hw_devices xc7s25_0]
set_property PROGRAM.FILE {C:/Users/Samuel/risc_artydebug/risc_arty.runs/impl_1/top.bit} [get_hw_devices xc7s25_0]
program_hw_devices [get_hw_devices xc7s25_0]
refresh_hw_device [lindex [get_hw_devices xc7s25_0] 0]
undo
reset_run synth_1
launch_runs impl_1 -to_step write_bitstream -jobs 12
wait_on_run impl_1
close_hw_manager
reset_run synth_1
launch_runs impl_1 -to_step write_bitstream -jobs 12
wait_on_run impl_1
reset_run synth_1
launch_runs impl_1 -to_step write_bitstream -jobs 12
wait_on_run impl_1
reset_run synth_1
launch_runs impl_1 -to_step write_bitstream -jobs 12
wait_on_run impl_1
open_hw_manager
connect_hw_server -allow_non_jtag
open_hw_target
set_property PROGRAM.FILE {C:/Users/Samuel/risc_artydebug/risc_arty.runs/impl_1/top.bit} [get_hw_devices xc7s25_0]
current_hw_device [get_hw_devices xc7s25_0]
refresh_hw_device -update_hw_probes false [lindex [get_hw_devices xc7s25_0] 0]
set_property PROBES.FILE {} [get_hw_devices xc7s25_0]
set_property FULL_PROBES.FILE {} [get_hw_devices xc7s25_0]
set_property PROGRAM.FILE {C:/Users/Samuel/risc_artydebug/risc_arty.runs/impl_1/top.bit} [get_hw_devices xc7s25_0]
program_hw_devices [get_hw_devices xc7s25_0]
refresh_hw_device [lindex [get_hw_devices xc7s25_0] 0]
reset_run synth_1
launch_runs impl_1 -to_step write_bitstream -jobs 12
wait_on_run impl_1
reset_run synth_1
launch_runs impl_1 -to_step write_bitstream -jobs 12
wait_on_run impl_1
set_property PROBES.FILE {} [get_hw_devices xc7s25_0]
set_property FULL_PROBES.FILE {} [get_hw_devices xc7s25_0]
set_property PROGRAM.FILE {C:/Users/Samuel/risc_artydebug/risc_arty.runs/impl_1/top.bit} [get_hw_devices xc7s25_0]
program_hw_devices [get_hw_devices xc7s25_0]
refresh_hw_device [lindex [get_hw_devices xc7s25_0] 0]
close_hw_manager
reset_run synth_1
launch_runs impl_1 -to_step write_bitstream -jobs 12
wait_on_run impl_1
open_hw_manager
connect_hw_server -allow_non_jtag
open_hw_target
set_property PROGRAM.FILE {C:/Users/Samuel/risc_artydebug/risc_arty.runs/impl_1/top.bit} [get_hw_devices xc7s25_0]
current_hw_device [get_hw_devices xc7s25_0]
refresh_hw_device -update_hw_probes false [lindex [get_hw_devices xc7s25_0] 0]
set_property PROBES.FILE {} [get_hw_devices xc7s25_0]
set_property FULL_PROBES.FILE {} [get_hw_devices xc7s25_0]
set_property PROGRAM.FILE {C:/Users/Samuel/risc_artydebug/risc_arty.runs/impl_1/top.bit} [get_hw_devices xc7s25_0]
program_hw_devices [get_hw_devices xc7s25_0]
refresh_hw_device [lindex [get_hw_devices xc7s25_0] 0]
close_hw_manager
close_project
open_project C:/Users/Samuel/risc_artydebug/risc_arty.xpr
set_property CONFIG.Coe_File {c:/Users/Samuel/risc_artydebug/risc_arty.srcs/sources_1/instructions.coe} [get_ips imem_bram]
generate_target all [get_files  C:/Users/Samuel/risc_artydebug/risc_arty.srcs/sources_1/ip/imem_bram/imem_bram.xci]
catch { config_ip_cache -export [get_ips -all imem_bram] }
export_ip_user_files -of_objects [get_files C:/Users/Samuel/risc_artydebug/risc_arty.srcs/sources_1/ip/imem_bram/imem_bram.xci] -no_script -sync -force -quiet
reset_run imem_bram_synth_1
launch_runs imem_bram_synth_1 -jobs 12
wait_on_run imem_bram_synth_1
wait_on_run imem_bram_synth_1
export_simulation -of_objects [get_files C:/Users/Samuel/risc_artydebug/risc_arty.srcs/sources_1/ip/imem_bram/imem_bram.xci] -directory C:/Users/Samuel/risc_artydebug/risc_arty.ip_user_files/sim_scripts -ip_user_files_dir C:/Users/Samuel/risc_artydebug/risc_arty.ip_user_files -ipstatic_source_dir C:/Users/Samuel/risc_artydebug/risc_arty.ip_user_files/ipstatic -lib_map_path [list {modelsim=C:/Users/Samuel/risc_artydebug/risc_arty.cache/compile_simlib/modelsim} {questa=C:/Users/Samuel/risc_artydebug/risc_arty.cache/compile_simlib/questa} {riviera=C:/Users/Samuel/risc_artydebug/risc_arty.cache/compile_simlib/riviera} {activehdl=C:/Users/Samuel/risc_artydebug/risc_arty.cache/compile_simlib/activehdl}] -use_ip_compiled_libs -force -quiet
reset_run synth_1
launch_runs impl_1 -to_step write_bitstream -jobs 12
wait_on_run impl_1
open_hw_manager
connect_hw_server -allow_non_jtag
open_hw_target
set_property PROGRAM.FILE {C:/Users/Samuel/risc_artydebug/risc_arty.runs/impl_1/top.bit} [get_hw_devices xc7s25_0]
current_hw_device [get_hw_devices xc7s25_0]
refresh_hw_device -update_hw_probes false [lindex [get_hw_devices xc7s25_0] 0]
set_property PROBES.FILE {} [get_hw_devices xc7s25_0]
set_property FULL_PROBES.FILE {} [get_hw_devices xc7s25_0]
set_property PROGRAM.FILE {C:/Users/Samuel/risc_artydebug/risc_arty.runs/impl_1/top.bit} [get_hw_devices xc7s25_0]
program_hw_devices [get_hw_devices xc7s25_0]
refresh_hw_device [lindex [get_hw_devices xc7s25_0] 0]
close_hw_manager
reset_run synth_1
launch_runs impl_1 -to_step write_bitstream -jobs 12
wait_on_run impl_1
open_hw_manager
connect_hw_server -allow_non_jtag
open_hw_target
set_property PROGRAM.FILE {C:/Users/Samuel/risc_artydebug/risc_arty.runs/impl_1/top.bit} [get_hw_devices xc7s25_0]
current_hw_device [get_hw_devices xc7s25_0]
refresh_hw_device -update_hw_probes false [lindex [get_hw_devices xc7s25_0] 0]
set_property PROBES.FILE {} [get_hw_devices xc7s25_0]
set_property FULL_PROBES.FILE {} [get_hw_devices xc7s25_0]
set_property PROGRAM.FILE {C:/Users/Samuel/risc_artydebug/risc_arty.runs/impl_1/top.bit} [get_hw_devices xc7s25_0]
program_hw_devices [get_hw_devices xc7s25_0]
refresh_hw_device [lindex [get_hw_devices xc7s25_0] 0]
close_hw_manager
reset_run synth_1
launch_runs impl_1 -to_step write_bitstream -jobs 12
wait_on_run impl_1
open_hw_manager
connect_hw_server -allow_non_jtag
open_hw_target
set_property PROGRAM.FILE {C:/Users/Samuel/risc_artydebug/risc_arty.runs/impl_1/top.bit} [get_hw_devices xc7s25_0]
current_hw_device [get_hw_devices xc7s25_0]
refresh_hw_device -update_hw_probes false [lindex [get_hw_devices xc7s25_0] 0]
set_property PROBES.FILE {} [get_hw_devices xc7s25_0]
set_property FULL_PROBES.FILE {} [get_hw_devices xc7s25_0]
set_property PROGRAM.FILE {C:/Users/Samuel/risc_artydebug/risc_arty.runs/impl_1/top.bit} [get_hw_devices xc7s25_0]
program_hw_devices [get_hw_devices xc7s25_0]
refresh_hw_device [lindex [get_hw_devices xc7s25_0] 0]
launch_simulation
launch_simulation -mode post-implementation -type functional
source top.tcl
close_sim
close_design
reset_run synth_1
launch_runs impl_1 -to_step write_bitstream -jobs 12
wait_on_run impl_1
reset_run synth_1
launch_runs impl_1 -to_step write_bitstream -jobs 12
wait_on_run impl_1
reset_run synth_1
launch_runs impl_1 -to_step write_bitstream -jobs 12
wait_on_run impl_1
reset_run synth_1
launch_runs impl_1 -to_step write_bitstream -jobs 12
wait_on_run impl_1
reset_run synth_1
launch_runs impl_1 -to_step write_bitstream -jobs 12
wait_on_run impl_1
reset_run synth_1
launch_runs impl_1 -to_step write_bitstream -jobs 12
reset_run synth_1
launch_runs impl_1 -to_step write_bitstream -jobs 12
wait_on_run impl_1
reset_run synth_1
launch_runs impl_1 -to_step write_bitstream -jobs 12
wait_on_run impl_1
set_property PROBES.FILE {} [get_hw_devices xc7s25_0]
set_property FULL_PROBES.FILE {} [get_hw_devices xc7s25_0]
set_property PROGRAM.FILE {C:/Users/Samuel/risc_artydebug/risc_arty.runs/impl_1/top.bit} [get_hw_devices xc7s25_0]
program_hw_devices [get_hw_devices xc7s25_0]
refresh_hw_device [lindex [get_hw_devices xc7s25_0] 0]
